// Jest Snapshot v1, https://goo.gl/fbAQLP

exports[`SearchScreen should match snapshot 1`] = `
<RNCSafeAreaView
  style={
    Object {
      "marginTop": "65%",
    }
  }
>
  <View
    style={
      Array [
        Object {
          "backgroundColor": "#f1f1f1",
          "borderRadius": 8,
          "flexDirection": "row",
          "height": 32,
          "margin": 16,
        },
        Object {
          "marginBottom": 8,
        },
      ]
    }
  >
    <Text />
    <TextInput
      allowFontScaling={true}
      onChangeText={[Function]}
      onEndEditing={[Function]}
      placeholder="Search"
      placeholderTextColor="rgba(28, 28, 30, 0.4)"
      rejectResponderTermination={true}
      returnKeyType="done"
      style={
        Object {
          "color": "#000000",
          "width": "70%",
        }
      }
      underlineColorAndroid="transparent"
      value=""
    />
  </View>
  <RCTScrollView
    contentContainerStyle={
      Object {
        "alignItems": "center",
        "flexDirection": "row",
        "marginLeft": 16,
      }
    }
    horizontal={true}
    showsHorizontalScrollIndicator={false}
  >
    <View />
  </RCTScrollView>
  <View
    style={
      Array [
        Object {
          "backgroundColor": "#f1f1f1",
          "borderRadius": 8,
          "flexDirection": "row",
          "height": 32,
          "margin": 16,
        },
        Object {
          "marginBottom": 8,
        },
      ]
    }
  >
    <Text />
    <TextInput
      allowFontScaling={true}
      onChangeText={[Function]}
      onEndEditing={[Function]}
      placeholder="Location"
      placeholderTextColor="rgba(28, 28, 30, 0.4)"
      rejectResponderTermination={true}
      returnKeyType="done"
      style={
        Object {
          "color": "#000000",
          "width": "70%",
        }
      }
      underlineColorAndroid="transparent"
      value=""
    />
  </View>
  <RCTScrollView
    contentContainerStyle={
      Object {
        "alignItems": "center",
        "flexDirection": "row",
        "marginLeft": 16,
      }
    }
    horizontal={true}
    showsHorizontalScrollIndicator={false}
  >
    <View />
  </RCTScrollView>
  <View
    accessible={true}
    focusable={true}
    onClick={[Function]}
    onResponderGrant={[Function]}
    onResponderMove={[Function]}
    onResponderRelease={[Function]}
    onResponderTerminate={[Function]}
    onResponderTerminationRequest={[Function]}
    onStartShouldSetResponder={[Function]}
    style={
      Object {
        "alignItems": "center",
        "alignSelf": "center",
        "backgroundColor": "#000000",
        "borderRadius": 8,
        "height": 40,
        "justifyContent": "center",
        "marginTop": 16,
        "opacity": 1,
        "width": "91.5%",
      }
    }
  >
    <Text
      style={
        Object {
          "color": "white",
          "fontFamily": "DamascusBold",
          "fontSize": 14,
          "textTransform": "uppercase",
        }
      }
    >
      Search
    </Text>
  </View>
  <View
    style={
      Object {
        "marginLeft": 16,
        "marginTop": 80,
      }
    }
  >
    <Text
      style={
        Object {
          "color": "#000000",
          "fontFamily": "Damascus",
          "fontSize": 20,
          "textTransform": "none",
        }
      }
    >
      Recent searches
    </Text>
    <View
      style={
        Object {
          "flexDirection": "row",
          "marginTop": 8,
        }
      }
    >
      <RCTScrollView
        horizontal={true}
      >
        <View>
          <View
            style={
              Object {
                "alignContent": "center",
                "borderColor": "#000000",
                "borderRadius": 4,
                "borderWidth": 0.5,
                "flexDirection": "row",
                "height": 24,
                "marginRight": 6,
                "marginTop": 8,
                "padding": 4,
              }
            }
          >
            <Text
              style={
                Object {
                  "color": "#000000",
                  "fontFamily": "DamascusLight",
                  "fontSize": 12,
                  "textTransform": "uppercase",
                }
              }
            >
              #
               
              marketing
            </Text>
          </View>
          <View
            style={
              Object {
                "alignContent": "center",
                "borderColor": "#000000",
                "borderRadius": 4,
                "borderWidth": 0.5,
                "flexDirection": "row",
                "height": 24,
                "marginRight": 6,
                "marginTop": 8,
                "padding": 4,
              }
            }
          >
            <Text
              style={
                Object {
                  "color": "#000000",
                  "fontFamily": "DamascusLight",
                  "fontSize": 12,
                  "textTransform": "uppercase",
                }
              }
            >
              #
               
              social media
            </Text>
          </View>
          <View
            style={
              Object {
                "alignContent": "center",
                "borderColor": "#000000",
                "borderRadius": 4,
                "borderWidth": 0.5,
                "flexDirection": "row",
                "height": 24,
                "marginRight": 6,
                "marginTop": 8,
                "padding": 4,
              }
            }
          >
            <Text
              style={
                Object {
                  "color": "#000000",
                  "fontFamily": "DamascusLight",
                  "fontSize": 12,
                  "textTransform": "uppercase",
                }
              }
            >
              #
               
              Helsinki
            </Text>
          </View>
        </View>
      </RCTScrollView>
      <View
        accessible={true}
        focusable={true}
        onClick={[Function]}
        onResponderGrant={[Function]}
        onResponderMove={[Function]}
        onResponderRelease={[Function]}
        onResponderTerminate={[Function]}
        onResponderTerminationRequest={[Function]}
        onStartShouldSetResponder={[Function]}
        style={
          Object {
            "backgroundColor": "#000000",
            "opacity": 1,
            "position": "absolute",
            "right": 16,
            "top": 3,
          }
        }
      >
        <Text />
      </View>
    </View>
    <View
      style={
        Object {
          "flexDirection": "row",
          "marginTop": 8,
        }
      }
    >
      <RCTScrollView
        horizontal={true}
      >
        <View>
          <View
            style={
              Object {
                "alignContent": "center",
                "borderColor": "#000000",
                "borderRadius": 4,
                "borderWidth": 0.5,
                "flexDirection": "row",
                "height": 24,
                "marginRight": 6,
                "marginTop": 8,
                "padding": 4,
              }
            }
          >
            <Text
              style={
                Object {
                  "color": "#000000",
                  "fontFamily": "DamascusLight",
                  "fontSize": 12,
                  "textTransform": "uppercase",
                }
              }
            >
              #
               
              marketing automation
            </Text>
          </View>
          <View
            style={
              Object {
                "alignContent": "center",
                "borderColor": "#000000",
                "borderRadius": 4,
                "borderWidth": 0.5,
                "flexDirection": "row",
                "height": 24,
                "marginRight": 6,
                "marginTop": 8,
                "padding": 4,
              }
            }
          >
            <Text
              style={
                Object {
                  "color": "#000000",
                  "fontFamily": "DamascusLight",
                  "fontSize": 12,
                  "textTransform": "uppercase",
                }
              }
            >
              #
               
              Remote
            </Text>
          </View>
          <View
            style={
              Object {
                "alignContent": "center",
                "borderColor": "#000000",
                "borderRadius": 4,
                "borderWidth": 0.5,
                "flexDirection": "row",
                "height": 24,
                "marginRight": 6,
                "marginTop": 8,
                "padding": 4,
              }
            }
          >
            <Text
              style={
                Object {
                  "color": "#000000",
                  "fontFamily": "DamascusLight",
                  "fontSize": 12,
                  "textTransform": "uppercase",
                }
              }
            >
              #
               
              Helsinki
            </Text>
          </View>
        </View>
      </RCTScrollView>
      <View
        accessible={true}
        focusable={true}
        onClick={[Function]}
        onResponderGrant={[Function]}
        onResponderMove={[Function]}
        onResponderRelease={[Function]}
        onResponderTerminate={[Function]}
        onResponderTerminationRequest={[Function]}
        onStartShouldSetResponder={[Function]}
        style={
          Object {
            "backgroundColor": "#000000",
            "opacity": 1,
            "position": "absolute",
            "right": 16,
            "top": 3,
          }
        }
      >
        <Text />
      </View>
    </View>
  </View>
</RNCSafeAreaView>
`;
