// Jest Snapshot v1, https://goo.gl/fbAQLP

exports[`RoboText should match snapshot 1`] = `
<Text
  style={
    Object {
      "color": "rgb(28, 28, 30)",
      "fontFamily": "Damascus",
      "fontSize": 14,
      "textTransform": "none",
    }
  }
>
  Testi
</Text>
`;
